<testsuites id="" name="" tests="1" failures="0" skipped="0" errors="0" time="25.706712">
<testsuite name="bulgaria_locations.spec.js" timestamp="2025-10-21T21:21:26.147Z" hostname="chromium" tests="1" failures="0" skipped="0" time="24.067" errors="0">
<testcase name="Sinoptik Bulgaria Locations Tests › Verify Bulgaria locations page elements" classname="bulgaria_locations.spec.js" time="24.067">
<system-out>
<![CDATA[Navigated to Bulgaria locations page and handled consent
All required resort names verified successfully
]]>
</system-out>
</testcase>
</testsuite>
</testsuites>